[2018-05-21T20:29:19.310+0700][0.016s] Using Concurrent Mark Sweep
[2018-05-21T20:29:19.310+0700][0.016s] Heap address: 0x00000000e0000000, size: 512 MB, Compressed Oops mode: 32-bit
[2018-05-21T20:29:21.024+0700][1,730s] GC(0) Pause Young (Allocation Failure)
[2018-05-21T20:29:21.024+0700][1,730s] GC(0) Using 4 workers of 4 for evacuation
[2018-05-21T20:29:21.039+0700][1,745s] GC(0) ParNew: 87424K->14847K(109248K)
[2018-05-21T20:29:21.039+0700][1,745s] GC(0) CMS: 0K->0K(393216K)
[2018-05-21T20:29:21.039+0700][1,745s] GC(0) Metaspace: 22807K->22807K(1071104K)
[2018-05-21T20:29:21.039+0700][1,745s] GC(0) Pause Young (Allocation Failure) 85M->14M(490M) 14,949ms
[2018-05-21T20:29:21.039+0700][1,745s] GC(0) User=0,05s Sys=0,01s Real=0,02s
[2018-05-21T20:29:21.041+0700][1,747s] GC(1) Pause Initial Mark
[2018-05-21T20:29:21.045+0700][1,750s] GC(1) Pause Initial Mark 16M->16M(490M) 3,160ms
[2018-05-21T20:29:21.045+0700][1,750s] GC(1) User=0,01s Sys=0,00s Real=0,00s
[2018-05-21T20:29:21.045+0700][1,750s] GC(1) Concurrent Mark
[2018-05-21T20:29:21.045+0700][1,750s] GC(1) Using 4 workers of 4 for marking
[2018-05-21T20:29:21.046+0700][1,752s] GC(1) Concurrent Mark 1,141ms
[2018-05-21T20:29:21.046+0700][1,752s] GC(1) User=0,00s Sys=0,00s Real=0,00s
[2018-05-21T20:29:21.046+0700][1,752s] GC(1) Concurrent Preclean
[2018-05-21T20:29:21.047+0700][1,753s] GC(1) Concurrent Preclean 1,096ms
[2018-05-21T20:29:21.047+0700][1,753s] GC(1) User=0,00s Sys=0,00s Real=0,00s
[2018-05-21T20:29:21.047+0700][1,753s] GC(1) Concurrent Abortable Preclean
[2018-05-21T20:29:21.643+0700][2,348s] GC(1) Concurrent Abortable Preclean 595,424ms
[2018-05-21T20:29:21.643+0700][2,348s] GC(1) User=1,93s Sys=0,04s Real=0,60s
[2018-05-21T20:29:21.643+0700][2,348s] GC(1) Pause Remark
[2018-05-21T20:29:21.643+0700][2,348s] GC(2) Pause Young (CMS Final Remark)
[2018-05-21T20:29:21.643+0700][2,348s] GC(2) Using 4 workers of 4 for evacuation
[2018-05-21T20:29:21.657+0700][2,362s] GC(2) ParNew: 60384K->20669K(109248K)
[2018-05-21T20:29:21.657+0700][2,362s] GC(2) CMS: 0K->0K(393216K)
[2018-05-21T20:29:21.657+0700][2,362s] GC(2) Metaspace: 26965K->26965K(1075200K)
[2018-05-21T20:29:21.657+0700][2,362s] GC(2) Pause Young (CMS Final Remark) 58M->20M(490M) 14,077ms
[2018-05-21T20:29:21.657+0700][2,362s] GC(2) User=0,05s Sys=0,00s Real=0,01s
[2018-05-21T20:29:21.671+0700][2,377s] GC(1) Pause Remark 58M->20M(490M) 28,308ms
[2018-05-21T20:29:21.671+0700][2,377s] GC(1) User=0,08s Sys=0,00s Real=0,03s
[2018-05-21T20:29:21.671+0700][2,377s] GC(1) Concurrent Sweep
[2018-05-21T20:29:21.671+0700][2,377s] GC(1) Concurrent Sweep 0,042ms
[2018-05-21T20:29:21.671+0700][2,377s] GC(1) User=0,00s Sys=0,00s Real=0,00s
[2018-05-21T20:29:21.671+0700][2,377s] GC(1) Concurrent Reset
[2018-05-21T20:29:21.697+0700][2,402s] GC(1) Concurrent Reset 25,408ms
[2018-05-21T20:29:21.697+0700][2,402s] GC(1) User=0,08s Sys=0,00s Real=0,02s
[2018-05-21T20:29:21.697+0700][2,402s] GC(1) Old: 0K->0K(393216K)
[2018-05-21T20:29:22.089+0700][2,795s] GC(3) Pause Young (Allocation Failure)
[2018-05-21T20:29:22.089+0700][2,795s] GC(3) Using 4 workers of 4 for evacuation
[2018-05-21T20:29:22.110+0700][2,815s] GC(3) ParNew: 108093K->21824K(109248K)
[2018-05-21T20:29:22.110+0700][2,815s] GC(3) CMS: 0K->700K(393216K)
[2018-05-21T20:29:22.110+0700][2,815s] GC(3) Metaspace: 28563K->28563K(1077248K)
[2018-05-21T20:29:22.110+0700][2,815s] GC(3) Pause Young (Allocation Failure) 105M->21M(490M) 20,637ms
[2018-05-21T20:29:22.110+0700][2,815s] GC(3) User=0,08s Sys=0,00s Real=0,02s
[2018-05-21T20:29:22.369+0700][3,075s] GC(4) Pause Young (Allocation Failure)
[2018-05-21T20:29:22.369+0700][3,075s] GC(4) Using 4 workers of 4 for evacuation
[2018-05-21T20:29:22.392+0700][3,098s] GC(4) ParNew: 109248K->21824K(109248K)
[2018-05-21T20:29:22.392+0700][3,098s] GC(4) CMS: 700K->1728K(393216K)
[2018-05-21T20:29:22.392+0700][3,098s] GC(4) Metaspace: 30046K->30046K(1077248K)
[2018-05-21T20:29:22.392+0700][3,098s] GC(4) Pause Young (Allocation Failure) 107M->23M(490M) 22,802ms
[2018-05-21T20:29:22.392+0700][3,098s] GC(4) User=0,09s Sys=0,00s Real=0,03s
[2018-05-21T20:29:22.493+0700][3,199s] GC(5) Pause Young (Allocation Failure)
[2018-05-21T20:29:22.493+0700][3,199s] GC(5) Using 4 workers of 4 for evacuation
[2018-05-21T20:29:22.519+0700][3,225s] GC(5) ParNew: 109248K->21824K(109248K)
[2018-05-21T20:29:22.519+0700][3,225s] GC(5) CMS: 1728K->3168K(393216K)
[2018-05-21T20:29:22.519+0700][3,225s] GC(5) Metaspace: 30314K->30314K(1077248K)
[2018-05-21T20:29:22.519+0700][3,225s] GC(5) Pause Young (Allocation Failure) 108M->24M(490M) 25,749ms
[2018-05-21T20:29:22.519+0700][3,225s] GC(5) User=0,09s Sys=0,00s Real=0,03s
[2018-05-21T20:29:22.646+0700][3,352s] GC(6) Pause Young (Allocation Failure)
[2018-05-21T20:29:22.646+0700][3,352s] GC(6) Using 4 workers of 4 for evacuation
[2018-05-21T20:29:22.672+0700][3,378s] GC(6) ParNew: 109248K->21824K(109248K)
[2018-05-21T20:29:22.672+0700][3,378s] GC(6) CMS: 3168K->3462K(393216K)
[2018-05-21T20:29:22.672+0700][3,378s] GC(6) Metaspace: 30488K->30488K(1077248K)
[2018-05-21T20:29:22.672+0700][3,378s] GC(6) Pause Young (Allocation Failure) 109M->24M(490M) 26,074ms
[2018-05-21T20:29:22.672+0700][3,378s] GC(6) User=0,09s Sys=0,00s Real=0,03s
[2018-05-21T20:29:22.796+0700][3,502s] GC(7) Pause Young (Allocation Failure)
[2018-05-21T20:29:22.796+0700][3,502s] GC(7) Using 4 workers of 4 for evacuation
[2018-05-21T20:29:22.816+0700][3,522s] GC(7) ParNew: 109240K->21824K(109248K)
[2018-05-21T20:29:22.816+0700][3,522s] GC(7) CMS: 3462K->4567K(393216K)
[2018-05-21T20:29:22.816+0700][3,522s] GC(7) Metaspace: 30716K->30716K(1077248K)
[2018-05-21T20:29:22.816+0700][3,522s] GC(7) Pause Young (Allocation Failure) 110M->25M(490M) 20,203ms
[2018-05-21T20:29:22.816+0700][3,522s] GC(7) User=0,07s Sys=0,00s Real=0,02s
[2018-05-21T20:29:23.061+0700][3,767s] GC(8) Pause Young (Allocation Failure)
[2018-05-21T20:29:23.061+0700][3,767s] GC(8) Using 4 workers of 4 for evacuation
[2018-05-21T20:29:23.075+0700][3,781s] GC(8) ParNew: 109248K->20902K(109248K)
[2018-05-21T20:29:23.075+0700][3,781s] GC(8) CMS: 4567K->4567K(393216K)
[2018-05-21T20:29:23.075+0700][3,781s] GC(8) Metaspace: 31978K->31978K(1079296K)
[2018-05-21T20:29:23.076+0700][3,781s] GC(8) Pause Young (Allocation Failure) 111M->24M(490M) 14,603ms
[2018-05-21T20:29:23.076+0700][3,781s] GC(8) User=0,06s Sys=0,00s Real=0,01s
[2018-05-21T20:29:23.649+0700][4,355s] GC(9) Pause Young (Allocation Failure)
[2018-05-21T20:29:23.649+0700][4,355s] GC(9) Using 4 workers of 4 for evacuation
[2018-05-21T20:29:23.689+0700][4,395s] GC(9) ParNew: 108326K->19841K(109248K)
[2018-05-21T20:29:23.689+0700][4,395s] GC(9) CMS: 4567K->11929K(393216K)
[2018-05-21T20:29:23.689+0700][4,395s] GC(9) Metaspace: 34809K->34809K(1081344K)
[2018-05-21T20:29:23.689+0700][4,395s] GC(9) Pause Young (Allocation Failure) 110M->31M(490M) 39,957ms
[2018-05-21T20:29:23.689+0700][4,395s] GC(9) User=0,13s Sys=0,00s Real=0,04s
[2018-05-21T20:29:24.070+0700][4,776s] GC(10) Pause Young (Allocation Failure)
[2018-05-21T20:29:24.070+0700][4,776s] GC(10) Using 4 workers of 4 for evacuation
[2018-05-21T20:29:24.097+0700][4,802s] GC(10) ParNew: 107265K->20591K(109248K)
[2018-05-21T20:29:24.097+0700][4,802s] GC(10) CMS: 11929K->16198K(393216K)
[2018-05-21T20:29:24.097+0700][4,802s] GC(10) Metaspace: 36744K->36744K(1083392K)
[2018-05-21T20:29:24.097+0700][4,802s] GC(10) Pause Young (Allocation Failure) 116M->35M(490M) 26,359ms
[2018-05-21T20:29:24.097+0700][4,802s] GC(10) User=0,09s Sys=0,00s Real=0,02s
[2018-05-21T20:29:24.361+0700][5,067s] GC(11) Pause Young (Allocation Failure)
[2018-05-21T20:29:24.361+0700][5,067s] GC(11) Using 4 workers of 4 for evacuation
[2018-05-21T20:29:24.388+0700][5,093s] GC(11) ParNew: 108015K->21397K(109248K)
[2018-05-21T20:29:24.388+0700][5,093s] GC(11) CMS: 16198K->18961K(393216K)
[2018-05-21T20:29:24.388+0700][5,093s] GC(11) Metaspace: 38450K->38450K(1085440K)
[2018-05-21T20:29:24.388+0700][5,093s] GC(11) Pause Young (Allocation Failure) 121M->39M(490M) 26,624ms
[2018-05-21T20:29:24.388+0700][5,093s] GC(11) User=0,11s Sys=0,00s Real=0,02s
[2018-05-21T20:29:24.478+0700][5,184s] GC(12) Pause Young (Allocation Failure)
[2018-05-21T20:29:24.478+0700][5,184s] GC(12) Using 4 workers of 4 for evacuation
[2018-05-21T20:29:24.499+0700][5,205s] GC(12) ParNew: 108821K->16654K(109248K)
[2018-05-21T20:29:24.499+0700][5,205s] GC(12) CMS: 18961K->19990K(393216K)
[2018-05-21T20:29:24.499+0700][5,205s] GC(12) Metaspace: 38483K->38483K(1085440K)
[2018-05-21T20:29:24.499+0700][5,205s] GC(12) Pause Young (Allocation Failure) 124M->35M(490M) 21,208ms
[2018-05-21T20:29:24.499+0700][5,205s] GC(12) User=0,08s Sys=0,00s Real=0,02s
[2018-05-21T20:29:24.554+0700][5,260s] GC(13) Pause Young (Allocation Failure)
[2018-05-21T20:29:24.554+0700][5,260s] GC(13) Using 4 workers of 4 for evacuation
[2018-05-21T20:29:24.582+0700][5,288s] GC(13) ParNew: 104078K->18886K(109248K)
[2018-05-21T20:29:24.582+0700][5,288s] GC(13) CMS: 19990K->20262K(393216K)
[2018-05-21T20:29:24.582+0700][5,288s] GC(13) Metaspace: 38515K->38515K(1085440K)
[2018-05-21T20:29:24.582+0700][5,288s] GC(13) Pause Young (Allocation Failure) 121M->38M(490M) 27,914ms
[2018-05-21T20:29:24.582+0700][5,288s] GC(13) User=0,11s Sys=0,00s Real=0,03s
[2018-05-21T20:29:24.642+0700][5,348s] GC(14) Pause Young (Allocation Failure)
[2018-05-21T20:29:24.642+0700][5,348s] GC(14) Using 4 workers of 4 for evacuation
[2018-05-21T20:29:24.669+0700][5,375s] GC(14) ParNew: 106310K->19140K(109248K)
[2018-05-21T20:29:24.669+0700][5,375s] GC(14) CMS: 20262K->20371K(393216K)
[2018-05-21T20:29:24.669+0700][5,375s] GC(14) Metaspace: 38546K->38546K(1085440K)
[2018-05-21T20:29:24.669+0700][5,375s] GC(14) Pause Young (Allocation Failure) 123M->38M(490M) 27,481ms
[2018-05-21T20:29:24.669+0700][5,375s] GC(14) User=0,10s Sys=0,00s Real=0,02s
[2018-05-21T20:29:24.745+0700][5,451s] GC(15) Pause Young (Allocation Failure)
[2018-05-21T20:29:24.745+0700][5,451s] GC(15) Using 4 workers of 4 for evacuation
[2018-05-21T20:29:24.771+0700][5,477s] GC(15) ParNew: 106564K->18199K(109248K)
[2018-05-21T20:29:24.771+0700][5,477s] GC(15) CMS: 20371K->20467K(393216K)
[2018-05-21T20:29:24.771+0700][5,477s] GC(15) Metaspace: 38559K->38559K(1085440K)
[2018-05-21T20:29:24.771+0700][5,477s] GC(15) Pause Young (Allocation Failure) 123M->37M(490M) 25,896ms
[2018-05-21T20:29:24.771+0700][5,477s] GC(15) User=0,11s Sys=0,00s Real=0,03s
[2018-05-21T20:29:24.914+0700][5,619s] GC(16) Pause Young (Allocation Failure)
[2018-05-21T20:29:24.914+0700][5,619s] GC(16) Using 4 workers of 4 for evacuation
[2018-05-21T20:29:24.943+0700][5,648s] GC(16) ParNew: 105623K->15790K(109248K)
[2018-05-21T20:29:24.943+0700][5,648s] GC(16) CMS: 20467K->20869K(393216K)
[2018-05-21T20:29:24.943+0700][5,648s] GC(16) Metaspace: 38640K->38640K(1085440K)
[2018-05-21T20:29:24.943+0700][5,648s] GC(16) Pause Young (Allocation Failure) 123M->35M(490M) 29,126ms
[2018-05-21T20:29:24.943+0700][5,648s] GC(16) User=0,10s Sys=0,01s Real=0,03s
[2018-05-21T20:31:20.805+0700][121,511s] GC(17) Pause Young (Allocation Failure)
[2018-05-21T20:31:20.805+0700][121,511s] GC(17) Using 4 workers of 4 for evacuation
[2018-05-21T20:31:20.836+0700][121,541s] GC(17) ParNew: 103214K->21824K(109248K)
[2018-05-21T20:31:20.836+0700][121,541s] GC(17) CMS: 20869K->25870K(393216K)
[2018-05-21T20:31:20.836+0700][121,541s] GC(17) Metaspace: 40633K->40633K(1087488K)
[2018-05-21T20:31:20.836+0700][121,541s] GC(17) Pause Young (Allocation Failure) 121M->46M(490M) 30,665ms
[2018-05-21T20:31:20.836+0700][121,541s] GC(17) User=0,11s Sys=0,00s Real=0,03s
[2018-05-21T20:31:21.925+0700][122,630s] GC(18) Pause Young (Allocation Failure)
[2018-05-21T20:31:21.925+0700][122,631s] GC(18) Using 4 workers of 4 for evacuation
[2018-05-21T20:31:21.951+0700][122,657s] GC(18) ParNew: 109248K->21824K(109248K)
[2018-05-21T20:31:21.951+0700][122,657s] GC(18) CMS: 25870K->37122K(393216K)
[2018-05-21T20:31:21.951+0700][122,657s] GC(18) Metaspace: 41007K->41007K(1087488K)
[2018-05-21T20:31:21.951+0700][122,657s] GC(18) Pause Young (Allocation Failure) 131M->57M(490M) 26,417ms
[2018-05-21T20:31:21.951+0700][122,657s] GC(18) User=0,10s Sys=0,01s Real=0,03s
[2018-05-21T20:31:22.679+0700][123,384s] GC(19) Pause Young (Allocation Failure)
[2018-05-21T20:31:22.679+0700][123,384s] GC(19) Using 4 workers of 4 for evacuation
[2018-05-21T20:31:22.700+0700][123,406s] GC(19) ParNew: 109248K->21824K(109248K)
[2018-05-21T20:31:22.700+0700][123,406s] GC(19) CMS: 37122K->43246K(393216K)
[2018-05-21T20:31:22.700+0700][123,406s] GC(19) Metaspace: 41010K->41010K(1087488K)
[2018-05-21T20:31:22.700+0700][123,406s] GC(19) Pause Young (Allocation Failure) 142M->63M(490M) 21,647ms
[2018-05-21T20:31:22.700+0700][123,406s] GC(19) User=0,08s Sys=0,00s Real=0,02s
[2018-05-21T20:31:23.429+0700][124,135s] GC(20) Pause Young (Allocation Failure)
[2018-05-21T20:31:23.429+0700][124,135s] GC(20) Using 4 workers of 4 for evacuation
[2018-05-21T20:31:23.453+0700][124,158s] GC(20) ParNew: 109248K->21824K(109248K)
[2018-05-21T20:31:23.453+0700][124,159s] GC(20) CMS: 43246K->49542K(393216K)
[2018-05-21T20:31:23.453+0700][124,159s] GC(20) Metaspace: 41011K->41011K(1087488K)
[2018-05-21T20:31:23.453+0700][124,159s] GC(20) Pause Young (Allocation Failure) 148M->69M(490M) 23,473ms
[2018-05-21T20:31:23.453+0700][124,159s] GC(20) User=0,10s Sys=0,00s Real=0,03s
[2018-05-21T20:31:24.030+0700][124,736s] GC(21) Pause Young (Allocation Failure)
[2018-05-21T20:31:24.030+0700][124,736s] GC(21) Using 4 workers of 4 for evacuation
[2018-05-21T20:31:24.045+0700][124,751s] GC(21) ParNew: 109248K->21824K(109248K)
[2018-05-21T20:31:24.045+0700][124,751s] GC(21) CMS: 49542K->66024K(393216K)
[2018-05-21T20:31:24.045+0700][124,751s] GC(21) Metaspace: 41017K->41017K(1087488K)
[2018-05-21T20:31:24.045+0700][124,751s] GC(21) Pause Young (Allocation Failure) 155M->85M(490M) 15,008ms
[2018-05-21T20:31:24.045+0700][124,751s] GC(21) User=0,05s Sys=0,01s Real=0,01s
[2018-05-21T20:31:24.670+0700][125,376s] GC(22) Pause Young (Allocation Failure)
[2018-05-21T20:31:24.671+0700][125,376s] GC(22) Using 4 workers of 4 for evacuation
[2018-05-21T20:31:24.686+0700][125,392s] GC(22) ParNew: 109248K->21156K(109248K)
[2018-05-21T20:31:24.686+0700][125,392s] GC(22) CMS: 66024K->66024K(393216K)
[2018-05-21T20:31:24.686+0700][125,392s] GC(22) Metaspace: 41019K->41019K(1087488K)
[2018-05-21T20:31:24.686+0700][125,392s] GC(22) Pause Young (Allocation Failure) 171M->85M(490M) 15,663ms
[2018-05-21T20:31:24.686+0700][125,392s] GC(22) User=0,05s Sys=0,00s Real=0,01s
[2018-05-21T20:31:25.977+0700][126,683s] GC(23) Pause Young (Allocation Failure)
[2018-05-21T20:31:25.977+0700][126,683s] GC(23) Using 4 workers of 4 for evacuation
[2018-05-21T20:31:26.000+0700][126,705s] GC(23) ParNew: 108580K->21824K(109248K)
[2018-05-21T20:31:26.000+0700][126,705s] GC(23) CMS: 66024K->67972K(393216K)
[2018-05-21T20:31:26.000+0700][126,705s] GC(23) Metaspace: 41569K->41569K(1087488K)
[2018-05-21T20:31:26.000+0700][126,705s] GC(23) Pause Young (Allocation Failure) 170M->87M(490M) 22,678ms
[2018-05-21T20:31:26.000+0700][126,705s] GC(23) User=0,09s Sys=0,01s Real=0,03s
[2018-05-21T20:31:51.180+0700][151,886s] GC(24) Pause Young (Allocation Failure)
[2018-05-21T20:31:51.180+0700][151,886s] GC(24) Using 4 workers of 4 for evacuation
[2018-05-21T20:31:51.197+0700][151,902s] GC(24) ParNew: 109248K->21824K(109248K)
[2018-05-21T20:31:51.197+0700][151,902s] GC(24) CMS: 67972K->75471K(393216K)
[2018-05-21T20:31:51.197+0700][151,902s] GC(24) Metaspace: 41797K->41797K(1087488K)
[2018-05-21T20:31:51.197+0700][151,903s] GC(24) Pause Young (Allocation Failure) 173M->95M(490M) 16,586ms
[2018-05-21T20:31:51.197+0700][151,903s] GC(24) User=0,07s Sys=0,00s Real=0,01s
[2018-05-21T20:31:52.164+0700][152,870s] GC(25) Pause Young (Allocation Failure)
[2018-05-21T20:31:52.164+0700][152,870s] GC(25) Using 4 workers of 4 for evacuation
[2018-05-21T20:31:52.181+0700][152,887s] GC(25) ParNew: 109248K->21824K(109248K)
[2018-05-21T20:31:52.181+0700][152,887s] GC(25) CMS: 75471K->76883K(393216K)
[2018-05-21T20:31:52.181+0700][152,887s] GC(25) Metaspace: 41805K->41805K(1087488K)
[2018-05-21T20:31:52.181+0700][152,887s] GC(25) Pause Young (Allocation Failure) 180M->96M(490M) 17,002ms
[2018-05-21T20:31:52.181+0700][152,887s] GC(25) User=0,06s Sys=0,00s Real=0,02s
[2018-05-21T20:31:53.278+0700][153,983s] GC(26) Pause Young (Allocation Failure)
[2018-05-21T20:31:53.278+0700][153,983s] GC(26) Using 4 workers of 4 for evacuation
[2018-05-21T20:31:53.288+0700][153,994s] GC(26) ParNew: 109248K->21824K(109248K)
[2018-05-21T20:31:53.288+0700][153,994s] GC(26) CMS: 76883K->79769K(393216K)
[2018-05-21T20:31:53.288+0700][153,994s] GC(26) Metaspace: 41805K->41805K(1087488K)
[2018-05-21T20:31:53.288+0700][153,994s] GC(26) Pause Young (Allocation Failure) 181M->99M(490M) 10,938ms
[2018-05-21T20:31:53.288+0700][153,994s] GC(26) User=0,04s Sys=0,01s Real=0,01s
[2018-05-21T20:31:53.936+0700][154,641s] GC(27) Pause Young (Allocation Failure)
[2018-05-21T20:31:53.936+0700][154,641s] GC(27) Using 4 workers of 4 for evacuation
[2018-05-21T20:31:53.948+0700][154,654s] GC(27) ParNew: 109248K->21824K(109248K)
[2018-05-21T20:31:53.948+0700][154,654s] GC(27) CMS: 79769K->87377K(393216K)
[2018-05-21T20:31:53.948+0700][154,654s] GC(27) Metaspace: 41805K->41805K(1087488K)
[2018-05-21T20:31:53.948+0700][154,654s] GC(27) Pause Young (Allocation Failure) 184M->106M(490M) 12,417ms
[2018-05-21T20:31:53.948+0700][154,654s] GC(27) User=0,04s Sys=0,00s Real=0,01s
[2018-05-21T20:31:54.511+0700][155,217s] GC(28) Pause Young (Allocation Failure)
[2018-05-21T20:31:54.511+0700][155,217s] GC(28) Using 4 workers of 4 for evacuation
[2018-05-21T20:31:54.522+0700][155,227s] GC(28) ParNew: 109248K->21824K(109248K)
[2018-05-21T20:31:54.522+0700][155,227s] GC(28) CMS: 87377K->92028K(393216K)
[2018-05-21T20:31:54.522+0700][155,227s] GC(28) Metaspace: 41805K->41805K(1087488K)
[2018-05-21T20:31:54.522+0700][155,227s] GC(28) Pause Young (Allocation Failure) 192M->111M(490M) 10,619ms
[2018-05-21T20:31:54.522+0700][155,227s] GC(28) User=0,03s Sys=0,01s Real=0,01s
[2018-05-21T20:31:55.106+0700][155,811s] GC(29) Pause Young (Allocation Failure)
[2018-05-21T20:31:55.106+0700][155,812s] GC(29) Using 4 workers of 4 for evacuation
[2018-05-21T20:31:55.118+0700][155,824s] GC(29) ParNew: 109248K->21824K(109248K)
[2018-05-21T20:31:55.118+0700][155,824s] GC(29) CMS: 92028K->100878K(393216K)
[2018-05-21T20:31:55.118+0700][155,824s] GC(29) Metaspace: 41806K->41806K(1087488K)
[2018-05-21T20:31:55.118+0700][155,824s] GC(29) Pause Young (Allocation Failure) 196M->119M(490M) 12,091ms
[2018-05-21T20:31:55.118+0700][155,824s] GC(29) User=0,04s Sys=0,00s Real=0,02s
[2018-05-21T20:31:55.682+0700][156,387s] GC(30) Pause Young (Allocation Failure)
[2018-05-21T20:31:55.682+0700][156,387s] GC(30) Using 4 workers of 4 for evacuation
[2018-05-21T20:31:55.693+0700][156,399s] GC(30) ParNew: 109248K->21824K(109248K)
[2018-05-21T20:31:55.693+0700][156,399s] GC(30) CMS: 100878K->108297K(393216K)
[2018-05-21T20:31:55.693+0700][156,399s] GC(30) Metaspace: 41807K->41807K(1087488K)
[2018-05-21T20:31:55.693+0700][156,399s] GC(30) Pause Young (Allocation Failure) 205M->127M(490M) 11,594ms
[2018-05-21T20:31:55.693+0700][156,399s] GC(30) User=0,05s Sys=0,00s Real=0,01s
[2018-05-21T20:32:18.366+0700][179,072s] GC(31) Pause Young (Allocation Failure)
[2018-05-21T20:32:18.366+0700][179,072s] GC(31) Using 4 workers of 4 for evacuation
[2018-05-21T20:32:18.392+0700][179,098s] GC(31) ParNew: 109248K->21824K(109248K)
[2018-05-21T20:32:18.392+0700][179,098s] GC(31) CMS: 108297K->117070K(393216K)
[2018-05-21T20:32:18.392+0700][179,098s] GC(31) Metaspace: 42109K->42109K(1089536K)
[2018-05-21T20:32:18.392+0700][179,098s] GC(31) Pause Young (Allocation Failure) 212M->135M(490M) 26,161ms
[2018-05-21T20:32:18.392+0700][179,098s] GC(31) User=0,06s Sys=0,00s Real=0,03s
