[2018-04-15T14:41:11.293+0700][0.010s] Using Concurrent Mark Sweep
[2018-04-15T14:41:11.293+0700][0.010s] Heap address: 0x00000000e0000000, size: 512 MB, Compressed Oops mode: 32-bit
[2018-04-15T14:41:15.342+0700][4,059s] GC(0) Pause Initial Mark
[2018-04-15T14:41:15.358+0700][4,074s] GC(0) Pause Initial Mark 85M->85M(490M) 15,499ms
[2018-04-15T14:41:15.358+0700][4,074s] GC(0) User=0,04s Sys=0,00s Real=0,01s
[2018-04-15T14:41:15.358+0700][4,074s] GC(0) Concurrent Mark
[2018-04-15T14:41:15.358+0700][4,074s] GC(0) Using 4 workers of 4 for marking
[2018-04-15T14:41:15.358+0700][4,074s] GC(0) Concurrent Mark 0,210ms
[2018-04-15T14:41:15.358+0700][4,074s] GC(0) User=0,00s Sys=0,00s Real=0,00s
[2018-04-15T14:41:15.358+0700][4,074s] GC(0) Concurrent Preclean
[2018-04-15T14:41:15.359+0700][4,075s] GC(0) Concurrent Preclean 0,771ms
[2018-04-15T14:41:15.359+0700][4,075s] GC(0) User=0,00s Sys=0,00s Real=0,00s
[2018-04-15T14:41:15.359+0700][4,075s] GC(0) Concurrent Abortable Preclean
[2018-04-15T14:41:15.426+0700][4,142s] GC(1) Pause Young (Allocation Failure)
[2018-04-15T14:41:15.426+0700][4,142s] GC(1) Using 4 workers of 4 for evacuation
[2018-04-15T14:41:15.441+0700][4,157s] GC(1) ParNew: 87424K->14885K(109248K)
[2018-04-15T14:41:15.441+0700][4,157s] GC(1) CMS: 0K->0K(393216K)
[2018-04-15T14:41:15.441+0700][4,157s] GC(1) Metaspace: 22923K->22923K(1071104K)
[2018-04-15T14:41:15.441+0700][4,157s] GC(1) Pause Young (Allocation Failure) 85M->14M(490M) 14,638ms
[2018-04-15T14:41:15.441+0700][4,157s] GC(1) User=0,04s Sys=0,01s Real=0,01s
[2018-04-15T14:41:18.430+0700][7,146s] GC(0) Concurrent Abortable Preclean 3070,859ms
[2018-04-15T14:41:18.446+0700][7,162s] GC(0) User=2,74s Sys=0,06s Real=3,09s
[2018-04-15T14:41:18.446+0700][7,163s] GC(0) Pause Remark
[2018-04-15T14:41:18.446+0700][7,163s] GC(2) Pause Young (CMS Final Remark)
[2018-04-15T14:41:18.447+0700][7,163s] GC(2) Using 4 workers of 4 for evacuation
[2018-04-15T14:41:18.462+0700][7,179s] GC(2) ParNew: 59241K->17796K(109248K)
[2018-04-15T14:41:18.463+0700][7,179s] GC(2) CMS: 0K->0K(393216K)
[2018-04-15T14:41:18.463+0700][7,179s] GC(2) Metaspace: 27700K->27700K(1075200K)
[2018-04-15T14:41:18.463+0700][7,179s] GC(2) Pause Young (CMS Final Remark) 57M->17M(490M) 16,109ms
[2018-04-15T14:41:18.463+0700][7,179s] GC(2) User=0,04s Sys=0,01s Real=0,02s
[2018-04-15T14:41:18.479+0700][7,195s] GC(0) Pause Remark 57M->17M(490M) 32,295ms
[2018-04-15T14:41:18.479+0700][7,195s] GC(0) User=0,07s Sys=0,01s Real=0,03s
[2018-04-15T14:41:18.479+0700][7,195s] GC(0) Concurrent Sweep
[2018-04-15T14:41:18.479+0700][7,195s] GC(0) Concurrent Sweep 0,048ms
[2018-04-15T14:41:18.479+0700][7,195s] GC(0) User=0,00s Sys=0,00s Real=0,00s
[2018-04-15T14:41:18.479+0700][7,195s] GC(0) Concurrent Reset
[2018-04-15T14:41:18.482+0700][7,199s] GC(0) Concurrent Reset 3,462ms
[2018-04-15T14:41:18.482+0700][7,199s] GC(0) User=0,00s Sys=0,01s Real=0,01s
[2018-04-15T14:41:18.482+0700][7,199s] GC(0) Old: 0K->0K(393216K)
[2018-04-15T14:41:20.407+0700][9,123s] GC(3) Pause Young (Allocation Failure)
[2018-04-15T14:41:20.407+0700][9,123s] GC(3) Using 4 workers of 4 for evacuation
[2018-04-15T14:41:20.424+0700][9,140s] GC(3) ParNew: 105220K->21824K(109248K)
[2018-04-15T14:41:20.424+0700][9,140s] GC(3) CMS: 0K->535K(393216K)
[2018-04-15T14:41:20.424+0700][9,140s] GC(3) Metaspace: 30775K->30775K(1077248K)
[2018-04-15T14:41:20.424+0700][9,140s] GC(3) Pause Young (Allocation Failure) 102M->21M(490M) 17,231ms
[2018-04-15T14:41:20.424+0700][9,140s] GC(3) User=0,06s Sys=0,00s Real=0,02s
[2018-04-15T14:41:20.915+0700][9,631s] GC(4) Pause Young (Allocation Failure)
[2018-04-15T14:41:20.915+0700][9,631s] GC(4) Using 4 workers of 4 for evacuation
[2018-04-15T14:41:20.930+0700][9,646s] GC(4) ParNew: 109248K->21824K(109248K)
[2018-04-15T14:41:20.930+0700][9,646s] GC(4) CMS: 535K->963K(393216K)
[2018-04-15T14:41:20.930+0700][9,646s] GC(4) Metaspace: 32182K->32182K(1079296K)
[2018-04-15T14:41:20.930+0700][9,646s] GC(4) Pause Young (Allocation Failure) 107M->22M(490M) 15,030ms
[2018-04-15T14:41:20.930+0700][9,646s] GC(4) User=0,06s Sys=0,00s Real=0,02s
[2018-04-15T14:41:21.880+0700][10,596s] GC(5) Pause Young (Allocation Failure)
[2018-04-15T14:41:21.880+0700][10,596s] GC(5) Using 4 workers of 4 for evacuation
[2018-04-15T14:41:21.896+0700][10,612s] GC(5) ParNew: 109248K->21824K(109248K)
[2018-04-15T14:41:21.896+0700][10,612s] GC(5) CMS: 963K->1588K(393216K)
[2018-04-15T14:41:21.896+0700][10,612s] GC(5) Metaspace: 35950K->35950K(1083392K)
[2018-04-15T14:41:21.896+0700][10,612s] GC(5) Pause Young (Allocation Failure) 107M->22M(490M) 16,248ms
[2018-04-15T14:41:21.896+0700][10,612s] GC(5) User=0,06s Sys=0,00s Real=0,02s
[2018-04-15T14:41:24.063+0700][12,779s] GC(6) Pause Young (Allocation Failure)
[2018-04-15T14:41:24.063+0700][12,780s] GC(6) Using 4 workers of 4 for evacuation
[2018-04-15T14:41:24.113+0700][12,829s] GC(6) ParNew: 109248K->21824K(109248K)
[2018-04-15T14:41:24.113+0700][12,829s] GC(6) CMS: 1588K->15450K(393216K)
[2018-04-15T14:41:24.113+0700][12,829s] GC(6) Metaspace: 42364K->42364K(1089536K)
[2018-04-15T14:41:24.113+0700][12,829s] GC(6) Pause Young (Allocation Failure) 108M->36M(490M) 49,807ms
[2018-04-15T14:41:24.113+0700][12,829s] GC(6) User=0,11s Sys=0,00s Real=0,05s
[2018-04-15T14:42:20.078+0700][68,795s] Heap
[2018-04-15T14:42:20.078+0700][68,795s]  par new generation   total 109248K, used 39332K [0x00000000e0000000, 0x00000000e8000000, 0x00000000e8000000)
[2018-04-15T14:42:20.078+0700][68,795s]   eden space 87424K,  20% used [0x00000000e0000000, 0x00000000e1119180, 0x00000000e5560000)
[2018-04-15T14:42:20.078+0700][68,795s]   from space 21824K, 100% used [0x00000000e5560000, 0x00000000e6ab0000, 0x00000000e6ab0000)
[2018-04-15T14:42:20.078+0700][68,795s]   to   space 21824K,   0% used [0x00000000e6ab0000, 0x00000000e6ab0000, 0x00000000e8000000)
[2018-04-15T14:42:20.078+0700][68,795s]  concurrent mark-sweep generation total 393216K, used 15450K [0x00000000e8000000, 0x0000000100000000, 0x0000000100000000)
[2018-04-15T14:42:20.078+0700][68,795s]  Metaspace       used 43068K, capacity 44847K, committed 45116K, reserved 1089536K
[2018-04-15T14:42:20.078+0700][68,795s]   class space    used 4766K, capacity 5128K, committed 5216K, reserved 1048576K
