[2018-05-21T15:12:21.066+0700][0.012s] Using Concurrent Mark Sweep
[2018-05-21T15:12:21.066+0700][0.012s] Heap address: 0x00000000e0000000, size: 512 MB, Compressed Oops mode: 32-bit
[2018-05-21T15:12:23.108+0700][2,054s] GC(0) Pause Initial Mark
[2018-05-21T15:12:23.136+0700][2,082s] GC(0) Pause Initial Mark 82M->82M(490M) 28,104ms
[2018-05-21T15:12:23.136+0700][2,082s] GC(0) User=0,04s Sys=0,00s Real=0,03s
[2018-05-21T15:12:23.136+0700][2,082s] GC(0) Concurrent Mark
[2018-05-21T15:12:23.136+0700][2,082s] GC(0) Using 4 workers of 4 for marking
[2018-05-21T15:12:23.136+0700][2,083s] GC(0) Concurrent Mark 0,249ms
[2018-05-21T15:12:23.136+0700][2,083s] GC(0) User=0,00s Sys=0,00s Real=0,00s
[2018-05-21T15:12:23.136+0700][2,083s] GC(0) Concurrent Preclean
[2018-05-21T15:12:23.137+0700][2,084s] GC(0) Concurrent Preclean 1,101ms
[2018-05-21T15:12:23.137+0700][2,084s] GC(0) User=0,00s Sys=0,00s Real=0,00s
[2018-05-21T15:12:23.137+0700][2,084s] GC(0) Concurrent Abortable Preclean
[2018-05-21T15:12:23.215+0700][2,161s] GC(1) Pause Young (Allocation Failure)
[2018-05-21T15:12:23.215+0700][2,161s] GC(1) Using 4 workers of 4 for evacuation
[2018-05-21T15:12:23.239+0700][2,185s] GC(0) Concurrent Abortable Preclean 101,188ms
[2018-05-21T15:12:23.239+0700][2,185s] GC(0) User=0,24s Sys=0,03s Real=0,10s
[2018-05-21T15:12:23.252+0700][2,199s] GC(1) ParNew: 87424K->16201K(109248K)
[2018-05-21T15:12:23.252+0700][2,199s] GC(1) CMS: 0K->0K(393216K)
[2018-05-21T15:12:23.252+0700][2,199s] GC(1) Metaspace: 23099K->23099K(1071104K)
[2018-05-21T15:12:23.252+0700][2,199s] GC(1) Pause Young (Allocation Failure) 85M->15M(490M) 37,445ms
[2018-05-21T15:12:23.252+0700][2,199s] GC(1) User=0,08s Sys=0,02s Real=0,04s
[2018-05-21T15:12:23.252+0700][2,199s] GC(0) Pause Remark
[2018-05-21T15:12:23.252+0700][2,199s] GC(2) Pause Young (CMS Final Remark)
[2018-05-21T15:12:23.252+0700][2,199s] GC(2) Using 4 workers of 4 for evacuation
[2018-05-21T15:12:23.267+0700][2,213s] GC(2) ParNew: 16265K->18762K(109248K)
[2018-05-21T15:12:23.267+0700][2,213s] GC(2) CMS: 0K->0K(393216K)
[2018-05-21T15:12:23.267+0700][2,213s] GC(2) Metaspace: 23099K->23099K(1071104K)
[2018-05-21T15:12:23.267+0700][2,213s] GC(2) Pause Young (CMS Final Remark) 15M->18M(490M) 14,421ms
[2018-05-21T15:12:23.267+0700][2,213s] GC(2) User=0,04s Sys=0,00s Real=0,01s
[2018-05-21T15:12:23.282+0700][2,228s] GC(0) Pause Remark 15M->18M(490M) 29,411ms
[2018-05-21T15:12:23.282+0700][2,228s] GC(0) User=0,07s Sys=0,00s Real=0,02s
[2018-05-21T15:12:23.282+0700][2,228s] GC(0) Concurrent Sweep
[2018-05-21T15:12:23.282+0700][2,228s] GC(0) Concurrent Sweep 0,045ms
[2018-05-21T15:12:23.282+0700][2,228s] GC(0) User=0,00s Sys=0,00s Real=0,00s
[2018-05-21T15:12:23.282+0700][2,228s] GC(0) Concurrent Reset
[2018-05-21T15:12:23.286+0700][2,233s] GC(0) Concurrent Reset 4,222ms
[2018-05-21T15:12:23.286+0700][2,233s] GC(0) User=0,01s Sys=0,00s Real=0,01s
[2018-05-21T15:12:23.286+0700][2,233s] GC(0) Old: 0K->0K(393216K)
[2018-05-21T15:12:23.986+0700][2,932s] GC(3) Pause Young (Allocation Failure)
[2018-05-21T15:12:23.986+0700][2,932s] GC(3) Using 4 workers of 4 for evacuation
[2018-05-21T15:12:24.018+0700][2,965s] GC(3) ParNew: 106186K->21824K(109248K)
[2018-05-21T15:12:24.018+0700][2,965s] GC(3) CMS: 0K->1014K(393216K)
[2018-05-21T15:12:24.018+0700][2,965s] GC(3) Metaspace: 27972K->27972K(1075200K)
[2018-05-21T15:12:24.018+0700][2,965s] GC(3) Pause Young (Allocation Failure) 103M->22M(490M) 32,282ms
[2018-05-21T15:12:24.018+0700][2,965s] GC(3) User=0,10s Sys=0,00s Real=0,03s
[2018-05-21T15:12:24.380+0700][3,326s] GC(4) Pause Young (Allocation Failure)
[2018-05-21T15:12:24.380+0700][3,326s] GC(4) Using 4 workers of 4 for evacuation
[2018-05-21T15:12:24.422+0700][3,368s] GC(4) ParNew: 109248K->21824K(109248K)
[2018-05-21T15:12:24.422+0700][3,369s] GC(4) CMS: 1014K->11796K(393216K)
[2018-05-21T15:12:24.422+0700][3,369s] GC(4) Metaspace: 29050K->29050K(1077248K)
[2018-05-21T15:12:24.422+0700][3,369s] GC(4) Pause Young (Allocation Failure) 107M->32M(490M) 42,450ms
[2018-05-21T15:12:24.422+0700][3,369s] GC(4) User=0,11s Sys=0,01s Real=0,04s
[2018-05-21T15:12:24.590+0700][3,536s] GC(5) Pause Young (Allocation Failure)
[2018-05-21T15:12:24.590+0700][3,536s] GC(5) Using 4 workers of 4 for evacuation
[2018-05-21T15:12:24.604+0700][3,551s] GC(5) ParNew: 109241K->14151K(109248K)
[2018-05-21T15:12:24.604+0700][3,551s] GC(5) CMS: 11796K->11796K(393216K)
[2018-05-21T15:12:24.604+0700][3,551s] GC(5) Metaspace: 30190K->30190K(1077248K)
[2018-05-21T15:12:24.604+0700][3,551s] GC(5) Pause Young (Allocation Failure) 118M->25M(490M) 14,275ms
[2018-05-21T15:12:24.604+0700][3,551s] GC(5) User=0,05s Sys=0,00s Real=0,02s
[2018-05-21T15:12:24.726+0700][3,672s] GC(6) Pause Young (Allocation Failure)
[2018-05-21T15:12:24.726+0700][3,672s] GC(6) Using 4 workers of 4 for evacuation
[2018-05-21T15:12:24.739+0700][3,686s] GC(6) ParNew: 101575K->13320K(109248K)
[2018-05-21T15:12:24.739+0700][3,686s] GC(6) CMS: 11796K->11796K(393216K)
[2018-05-21T15:12:24.739+0700][3,686s] GC(6) Metaspace: 30387K->30387K(1077248K)
[2018-05-21T15:12:24.739+0700][3,686s] GC(6) Pause Young (Allocation Failure) 110M->24M(490M) 13,632ms
[2018-05-21T15:12:24.739+0700][3,686s] GC(6) User=0,05s Sys=0,00s Real=0,01s
[2018-05-21T15:12:24.826+0700][3,773s] GC(7) Pause Young (Allocation Failure)
[2018-05-21T15:12:24.827+0700][3,773s] GC(7) Using 4 workers of 4 for evacuation
[2018-05-21T15:12:24.835+0700][3,782s] GC(7) ParNew: 100743K->11087K(109248K)
[2018-05-21T15:12:24.836+0700][3,782s] GC(7) CMS: 11796K->11796K(393216K)
[2018-05-21T15:12:24.836+0700][3,782s] GC(7) Metaspace: 30498K->30498K(1077248K)
[2018-05-21T15:12:24.836+0700][3,782s] GC(7) Pause Young (Allocation Failure) 109M->22M(490M) 9,076ms
[2018-05-21T15:12:24.836+0700][3,782s] GC(7) User=0,03s Sys=0,00s Real=0,01s
[2018-05-21T15:12:24.942+0700][3,888s] GC(8) Pause Young (Allocation Failure)
[2018-05-21T15:12:24.942+0700][3,889s] GC(8) Using 4 workers of 4 for evacuation
[2018-05-21T15:12:24.952+0700][3,898s] GC(8) ParNew: 98511K->11520K(109248K)
[2018-05-21T15:12:24.952+0700][3,898s] GC(8) CMS: 11796K->11796K(393216K)
[2018-05-21T15:12:24.952+0700][3,898s] GC(8) Metaspace: 30656K->30656K(1077248K)
[2018-05-21T15:12:24.952+0700][3,898s] GC(8) Pause Young (Allocation Failure) 107M->22M(490M) 9,451ms
[2018-05-21T15:12:24.952+0700][3,898s] GC(8) User=0,03s Sys=0,00s Real=0,02s
[2018-05-21T15:12:25.587+0700][4,533s] GC(9) Pause Young (Allocation Failure)
[2018-05-21T15:12:25.587+0700][4,533s] GC(9) Using 4 workers of 4 for evacuation
[2018-05-21T15:12:25.605+0700][4,551s] GC(9) ParNew: 98944K->16092K(109248K)
[2018-05-21T15:12:25.605+0700][4,551s] GC(9) CMS: 11796K->11796K(393216K)
[2018-05-21T15:12:25.605+0700][4,551s] GC(9) Metaspace: 33440K->33440K(1081344K)
[2018-05-21T15:12:25.605+0700][4,551s] GC(9) Pause Young (Allocation Failure) 108M->27M(490M) 18,255ms
[2018-05-21T15:12:25.605+0700][4,551s] GC(9) User=0,06s Sys=0,00s Real=0,02s
[2018-05-21T15:12:26.069+0700][5,015s] GC(10) Pause Young (Allocation Failure)
[2018-05-21T15:12:26.069+0700][5,015s] GC(10) Using 4 workers of 4 for evacuation
[2018-05-21T15:12:26.101+0700][5,048s] GC(10) ParNew: 103516K->17213K(109248K)
[2018-05-21T15:12:26.101+0700][5,048s] GC(10) CMS: 11796K->11860K(393216K)
[2018-05-21T15:12:26.101+0700][5,048s] GC(10) Metaspace: 35071K->35071K(1081344K)
[2018-05-21T15:12:26.101+0700][5,048s] GC(10) Pause Young (Allocation Failure) 112M->28M(490M) 32,548ms
[2018-05-21T15:12:26.101+0700][5,048s] GC(10) User=0,09s Sys=0,00s Real=0,03s
[2018-05-21T15:12:26.676+0700][5,622s] GC(11) Pause Young (Allocation Failure)
[2018-05-21T15:12:26.676+0700][5,622s] GC(11) Using 4 workers of 4 for evacuation
[2018-05-21T15:12:26.705+0700][5,651s] GC(11) ParNew: 104637K->21127K(109248K)
[2018-05-21T15:12:26.705+0700][5,651s] GC(11) CMS: 11860K->18656K(393216K)
[2018-05-21T15:12:26.705+0700][5,651s] GC(11) Metaspace: 38373K->38373K(1085440K)
[2018-05-21T15:12:26.705+0700][5,651s] GC(11) Pause Young (Allocation Failure) 113M->38M(490M) 29,276ms
[2018-05-21T15:12:26.705+0700][5,651s] GC(11) User=0,10s Sys=0,00s Real=0,03s
[2018-05-21T15:12:26.841+0700][5,787s] GC(12) Pause Young (Allocation Failure)
[2018-05-21T15:12:26.841+0700][5,787s] GC(12) Using 4 workers of 4 for evacuation
[2018-05-21T15:12:26.862+0700][5,808s] GC(12) ParNew: 108551K->21400K(109248K)
[2018-05-21T15:12:26.862+0700][5,808s] GC(12) CMS: 18656K->19036K(393216K)
[2018-05-21T15:12:26.862+0700][5,808s] GC(12) Metaspace: 38395K->38395K(1085440K)
[2018-05-21T15:12:26.862+0700][5,808s] GC(12) Pause Young (Allocation Failure) 124M->39M(490M) 20,856ms
[2018-05-21T15:12:26.862+0700][5,808s] GC(12) User=0,07s Sys=0,00s Real=0,02s
[2018-05-21T15:12:26.900+0700][5,847s] GC(13) Pause Young (Allocation Failure)
[2018-05-21T15:12:26.900+0700][5,847s] GC(13) Using 4 workers of 4 for evacuation
[2018-05-21T15:12:26.921+0700][5,867s] GC(13) ParNew: 108824K->17585K(109248K)
[2018-05-21T15:12:26.921+0700][5,867s] GC(13) CMS: 19036K->19413K(393216K)
[2018-05-21T15:12:26.921+0700][5,867s] GC(13) Metaspace: 38422K->38422K(1085440K)
[2018-05-21T15:12:26.921+0700][5,867s] GC(13) Pause Young (Allocation Failure) 124M->36M(490M) 20,908ms
[2018-05-21T15:12:26.921+0700][5,868s] GC(13) User=0,08s Sys=0,00s Real=0,02s
[2018-05-21T15:12:26.970+0700][5,916s] GC(14) Pause Young (Allocation Failure)
[2018-05-21T15:12:26.970+0700][5,916s] GC(14) Using 4 workers of 4 for evacuation
[2018-05-21T15:12:27.001+0700][5,947s] GC(14) ParNew: 104989K->18333K(109248K)
[2018-05-21T15:12:27.001+0700][5,947s] GC(14) CMS: 19413K->19533K(393216K)
[2018-05-21T15:12:27.001+0700][5,947s] GC(14) Metaspace: 38453K->38453K(1085440K)
[2018-05-21T15:12:27.001+0700][5,947s] GC(14) Pause Young (Allocation Failure) 121M->36M(490M) 31,159ms
[2018-05-21T15:12:27.001+0700][5,947s] GC(14) User=0,12s Sys=0,00s Real=0,03s
[2018-05-21T15:12:27.068+0700][6,015s] GC(15) Pause Young (Allocation Failure)
[2018-05-21T15:12:27.068+0700][6,015s] GC(15) Using 4 workers of 4 for evacuation
[2018-05-21T15:12:27.086+0700][6,032s] GC(15) ParNew: 105757K->16288K(109248K)
[2018-05-21T15:12:27.086+0700][6,033s] GC(15) CMS: 19533K->19667K(393216K)
[2018-05-21T15:12:27.086+0700][6,033s] GC(15) Metaspace: 38476K->38476K(1085440K)
[2018-05-21T15:12:27.086+0700][6,033s] GC(15) Pause Young (Allocation Failure) 122M->35M(490M) 18,035ms
[2018-05-21T15:12:27.086+0700][6,033s] GC(15) User=0,07s Sys=0,00s Real=0,02s
[2018-05-21T15:12:27.092+0700][6,038s] GC(16) Pause Initial Mark
[2018-05-21T15:12:27.100+0700][6,046s] GC(16) Pause Initial Mark 38M->38M(490M) 8,334ms
[2018-05-21T15:12:27.100+0700][6,046s] GC(16) User=0,03s Sys=0,00s Real=0,00s
[2018-05-21T15:12:27.100+0700][6,046s] GC(16) Concurrent Mark
[2018-05-21T15:12:27.100+0700][6,046s] GC(16) Using 4 workers of 4 for marking
[2018-05-21T15:12:27.150+0700][6,097s] GC(16) Concurrent Mark 50,141ms
[2018-05-21T15:12:27.150+0700][6,097s] GC(16) User=0,19s Sys=0,00s Real=0,05s
[2018-05-21T15:12:27.150+0700][6,097s] GC(16) Concurrent Preclean
[2018-05-21T15:12:27.152+0700][6,098s] GC(16) Concurrent Preclean 1,434ms
[2018-05-21T15:12:27.152+0700][6,098s] GC(16) User=0,01s Sys=0,00s Real=0,01s
[2018-05-21T15:12:27.152+0700][6,098s] GC(16) Concurrent Abortable Preclean
[2018-05-21T15:12:27.225+0700][6,172s] GC(17) Pause Young (Allocation Failure)
[2018-05-21T15:12:27.225+0700][6,172s] GC(17) Using 4 workers of 4 for evacuation
[2018-05-21T15:12:27.244+0700][6,190s] GC(17) ParNew: 103712K->21824K(109248K)
[2018-05-21T15:12:27.244+0700][6,190s] GC(17) CMS: 19667K->19773K(393216K)
[2018-05-21T15:12:27.244+0700][6,190s] GC(17) Metaspace: 38481K->38481K(1085440K)
[2018-05-21T15:12:27.244+0700][6,190s] GC(17) Pause Young (Allocation Failure) 120M->40M(490M) 18,358ms
[2018-05-21T15:12:27.244+0700][6,190s] GC(17) User=0,07s Sys=0,00s Real=0,02s
[2018-05-21T15:12:27.463+0700][6,409s] GC(16) Concurrent Abortable Preclean 310,924ms
[2018-05-21T15:12:27.463+0700][6,409s] GC(16) User=1,03s Sys=0,02s Real=0,30s
[2018-05-21T15:12:27.464+0700][6,410s] GC(16) Pause Remark
[2018-05-21T15:12:27.464+0700][6,410s] GC(18) Pause Young (CMS Final Remark)
[2018-05-21T15:12:27.464+0700][6,410s] GC(18) Using 4 workers of 4 for evacuation
[2018-05-21T15:12:27.490+0700][6,436s] GC(18) ParNew: 85030K->16670K(109248K)
[2018-05-21T15:12:27.490+0700][6,437s] GC(18) CMS: 19773K->22156K(393216K)
[2018-05-21T15:12:27.490+0700][6,437s] GC(18) Metaspace: 38550K->38550K(1085440K)
[2018-05-21T15:12:27.490+0700][6,437s] GC(18) Pause Young (CMS Final Remark) 102M->37M(490M) 26,399ms
[2018-05-21T15:12:27.490+0700][6,437s] GC(18) User=0,09s Sys=0,00s Real=0,02s
[2018-05-21T15:12:27.518+0700][6,465s] GC(16) Pause Remark 102M->37M(490M) 54,755ms
[2018-05-21T15:12:27.519+0700][6,465s] GC(16) User=0,14s Sys=0,00s Real=0,05s
[2018-05-21T15:12:27.523+0700][6,469s] GC(16) Concurrent Sweep
[2018-05-21T15:12:27.543+0700][6,489s] GC(16) Concurrent Sweep 20,246ms
[2018-05-21T15:12:27.543+0700][6,489s] GC(16) User=0,07s Sys=0,01s Real=0,02s
[2018-05-21T15:12:27.543+0700][6,489s] GC(16) Concurrent Reset
[2018-05-21T15:12:27.544+0700][6,490s] GC(16) Concurrent Reset 0,706ms
[2018-05-21T15:12:27.544+0700][6,490s] GC(16) User=0,00s Sys=0,00s Real=0,01s
[2018-05-21T15:12:27.544+0700][6,490s] GC(16) Old: 19667K->20736K(393216K)
[2018-05-21T15:12:27.723+0700][6,669s] GC(19) Pause Young (Allocation Failure)
[2018-05-21T15:12:27.723+0700][6,669s] GC(19) Using 4 workers of 4 for evacuation
[2018-05-21T15:12:27.748+0700][6,694s] GC(19) ParNew: 104094K->21824K(109248K)
[2018-05-21T15:12:27.748+0700][6,694s] GC(19) CMS: 20736K->21561K(393216K)
[2018-05-21T15:12:27.748+0700][6,694s] GC(19) Metaspace: 38626K->38626K(1085440K)
[2018-05-21T15:12:27.748+0700][6,694s] GC(19) Pause Young (Allocation Failure) 121M->42M(490M) 24,522ms
[2018-05-21T15:12:27.748+0700][6,694s] GC(19) User=0,08s Sys=0,01s Real=0,03s
[2018-05-21T15:12:27.856+0700][6,802s] GC(20) Pause Young (Allocation Failure)
[2018-05-21T15:12:27.856+0700][6,802s] GC(20) Using 4 workers of 4 for evacuation
[2018-05-21T15:12:27.901+0700][6,848s] GC(20) ParNew: 109248K->19112K(109248K)
[2018-05-21T15:12:27.901+0700][6,848s] GC(20) CMS: 21561K->31246K(393216K)
[2018-05-21T15:12:27.901+0700][6,848s] GC(20) Metaspace: 38637K->38637K(1085440K)
[2018-05-21T15:12:27.901+0700][6,848s] GC(20) Pause Young (Allocation Failure) 127M->49M(490M) 45,625ms
[2018-05-21T15:12:27.901+0700][6,848s] GC(20) User=0,13s Sys=0,00s Real=0,04s
[2018-05-21T15:14:38.391+0700][137,338s] Heap
[2018-05-21T15:14:38.391+0700][137,338s]  par new generation   total 109248K, used 90176K [0x00000000e0000000, 0x00000000e8000000, 0x00000000e8000000)
[2018-05-21T15:14:38.391+0700][137,338s]   eden space 87424K,  81% used [0x00000000e0000000, 0x00000000e4565e58, 0x00000000e5560000)
[2018-05-21T15:14:38.391+0700][137,338s]   from space 21824K,  87% used [0x00000000e6ab0000, 0x00000000e7d5a2a0, 0x00000000e8000000)
[2018-05-21T15:14:38.391+0700][137,338s]   to   space 21824K,   0% used [0x00000000e5560000, 0x00000000e5560000, 0x00000000e6ab0000)
[2018-05-21T15:14:38.391+0700][137,338s]  concurrent mark-sweep generation total 393216K, used 31246K [0x00000000e8000000, 0x0000000100000000, 0x0000000100000000)
[2018-05-21T15:14:38.391+0700][137,338s]  Metaspace       used 40873K, capacity 42612K, committed 42796K, reserved 1087488K
[2018-05-21T15:14:38.391+0700][137,338s]   class space    used 4559K, capacity 4894K, committed 4936K, reserved 1048576K
